// Vitest Snapshot v1, https://vitest.dev/guide/snapshot.html

exports[`Login Form > should match the snapshot 1`] = `
<DocumentFragment>
  <div
    class="login-mask"
  >
    <img
      src="/src/features/auth/assets/there-for-every-moment-light.png"
    />
    <div
      class="container"
    >
      <div
        class="cds--css-grid cds--css-grid--condensed"
      >
        <div
          class="cds--sm:col-span-100 cds--lg:col-span-8 cds--css-grid-column"
        >
          <form
            aria-label="form"
            class="form"
          >
            <h2>
              Log In
            </h2>
            <p>
              Need a GoFan account?Â 
              <a
                href="#"
              >
                Create an account
              </a>
            </p>
            <div
              class="cds--form-item cds--text-input-wrapper"
            >
              <div
                class="cds--text-input__label-wrapper"
              >
                <label
                  class="cds--label"
                  dir="auto"
                  for="email"
                >
                  Email
                </label>
              </div>
              <div
                class="cds--text-input__field-outer-wrapper"
              >
                <div
                  class="cds--text-input__field-wrapper"
                >
                  <input
                    class="cds--text-input"
                    id="email"
                    name="email"
                    type="text"
                  />
                  <span
                    class="cds--text-input__counter-alert"
                    role="alert"
                  />
                </div>
              </div>
            </div>
            <div
              class="cds--form-item cds--text-input-wrapper cds--password-input-wrapper"
            >
              <label
                class="cds--label"
                for="password"
              >
                Password
              </label>
              <div
                class="cds--text-input__field-outer-wrapper"
              >
                <div
                  class="cds--text-input__field-wrapper"
                >
                  <input
                    class="cds--text-input cds--password-input cds--text-input--md cds--layout--size-md"
                    data-testid="password-input"
                    data-toggle-password-visibility="true"
                    id="password"
                    name="password"
                    type="password"
                  />
                  <span
                    class="cds--popover-container cds--popover--caret cds--popover--high-contrast cds--popover--bottom-end cds--tooltip cds--toggle-password-tooltip"
                  >
                    <div
                      class="cds--tooltip-trigger__wrapper"
                    >
                      <button
                        aria-labelledby="tooltip-:r3:"
                        class="cds--text-input--password__visibility__toggle cds--btn cds--tooltip__trigger cds--tooltip--a11y cds--tooltip--bottom cds--tooltip--align-end"
                        type="button"
                      >
                        <svg
                          aria-hidden="true"
                          class="cds--icon-visibility-on"
                          fill="currentColor"
                          focusable="false"
                          height="16"
                          preserveAspectRatio="xMidYMid meet"
                          viewBox="0 0 16 16"
                          width="16"
                          xmlns="http://www.w3.org/2000/svg"
                        >
                          <path
                            d="M15.5,7.8C14.3,4.7,11.3,2.6,8,2.5C4.7,2.6,1.7,4.7,0.5,7.8c0,0.1,0,0.2,0,0.3c1.2,3.1,4.1,5.2,7.5,5.3 c3.3-0.1,6.3-2.2,7.5-5.3C15.5,8.1,15.5,7.9,15.5,7.8z M8,12.5c-2.7,0-5.4-2-6.5-4.5c1-2.5,3.8-4.5,6.5-4.5s5.4,2,6.5,4.5 C13.4,10.5,10.6,12.5,8,12.5z"
                          />
                          <path
                            d="M8,5C6.3,5,5,6.3,5,8s1.3,3,3,3s3-1.3,3-3S9.7,5,8,5z M8,10c-1.1,0-2-0.9-2-2s0.9-2,2-2s2,0.9,2,2S9.1,10,8,10z"
                          />
                        </svg>
                      </button>
                    </div>
                    <span
                      aria-hidden="true"
                      class="cds--popover"
                      id="tooltip-:r3:"
                      role="tooltip"
                    >
                      <span
                        class="cds--popover-content cds--tooltip-content"
                      >
                        Show password
                      </span>
                      <span
                        class="cds--popover-caret"
                      />
                    </span>
                  </span>
                </div>
              </div>
            </div>
            <button
              class="login-btn cds--btn cds--btn--primary"
              type="submit"
            >
              Log In
            </button>
            <a
              class="forgot-password-link"
              href="#"
            >
              Forgot password
            </a>
            <p
              class="view-mobile"
              id="center"
            >
              On a mobile device? 
              <a>
                View mobile HQ
              </a>
            </p>
            <img
              src="/src/features/auth/assets/company-logos.png"
              style="object-fit: contain; max-height: 100%; max-width: 100%;"
            />
            <p
              class="footer"
            >
              2015-2025 Huddle Tickets LLC, All Rights Reserved 
              <br />
              v2024.06.17
            </p>
          </form>
        </div>
        <div
          class="cds--sm:col-span-0 cds--lg:col-span-8 cds--css-grid-column"
        >
          <img
            src="/src/features/auth/assets/graduation.png"
            style="object-fit: fill; max-width: 100%; max-height: 100%;"
          />
        </div>
      </div>
    </div>
  </div>
</DocumentFragment>
`;
